[2025-07-14T11:39:47.974Z] [huycan2004@gmail.com] [Signin Step 1] [Success] OTP sent
[2025-07-14T11:40:03.048Z] [huycan2004@gmail.com] [Verify OTP] [Success] OTP verified successfully
[2025-07-14T11:53:50.798Z] [huycan2004@gmail.com] [Signin Step 1] [Failed] Invalid email or password
[2025-07-14T11:53:52.658Z] [huycan2004@gmail.com] [Signin Step 1] [Failed] Invalid email or password
[2025-07-14T11:53:53.569Z] [huycan2004@gmail.com] [Signin Step 1] [Failed] Invalid email or password
[2025-07-14T11:53:54.571Z] [huycan2004@gmail.com] [Signin Step 1] [Failed] Invalid email or password
[2025-07-14T11:53:55.578Z] [huycan2004@gmail.com] [Signin Step 1] [Failed] Invalid email or password
[2025-07-14T11:53:56.790Z] [huycan2004@gmail.com] [Signin Step 1] [Failed] Invalid email or password
[2025-07-14T11:56:46.808Z] [huycan2004@gmail.com] [Signin Step 1] [Failed] Invalid email or password
[2025-07-14T11:56:50.198Z] [huycan2004@gmail.com] [Signin Step 1] [Failed] Invalid email or password
[2025-07-14T11:56:50.884Z] [huycan2004@gmail.com] [Signin Step 1] [Failed] Invalid email or password
[2025-07-14T11:56:57.331Z] [huycan2004@gmail.com] [Signin Step 1] [Failed] Invalid email or password
[2025-07-14T11:56:58.302Z] [huycan2004@gmail.com] [Signin Step 1] [Failed] Invalid email or password
[2025-07-14T11:56:59.768Z] [huycan2004@gmail.com] [Signin Step 1] [Failed] Invalid email or password
[2025-07-14T11:57:22.710Z] [huycan2004@gmail.com] [Signin Step 1] [Failed] Invalid email or password
[2025-07-14T11:57:23.332Z] [huycan2004@gmail.com] [Signin Step 1] [Failed] Invalid email or password
[2025-07-14T11:59:50.717Z] [huycan2004@gmail.com] [Signin Step 1] [Failed] Invalid email or password
[2025-07-14T11:59:52.310Z] [huycan2004@gmail.com] [Signin Step 1] [Failed] Invalid email or password
[2025-07-14T11:59:53.721Z] [huycan2004@gmail.com] [Signin Step 1] [Failed] Invalid email or password
[2025-07-14T11:59:54.141Z] [huycan2004@gmail.com] [Signin Step 1] [Failed] Invalid email or password
[2025-07-14T11:59:55.144Z] [huycan2004@gmail.com] [Signin Step 1] [Failed] Invalid email or password
[2025-07-14T11:59:56.173Z] [huycan2004@gmail.com] [Signin Step 1] [Failed] Invalid email or password
[2025-07-14T11:59:56.884Z] [huycan2004@gmail.com] [Signin Step 1] [Failed] Invalid email or password
[2025-07-14T11:59:57.674Z] [huycan2004@gmail.com] [Signin Step 1] [Failed] Invalid email or password
[2025-07-14T11:59:58.188Z] [huycan2004@gmail.com] [Signin Step 1] [Failed] Invalid email or password
[2025-07-14T11:59:58.436Z] [huycan2004@gmail.com] [Signin Step 1] [Failed] Invalid email or password
[2025-07-14T11:59:58.809Z] [huycan2004@gmail.com] [Signin Step 1] [Failed] Invalid email or password
[2025-07-14T11:59:59.166Z] [huycan2004@gmail.com] [Signin Step 1] [Failed] Invalid email or password
[2025-07-15T01:47:37.674Z] [huycan2004@gmail.com] [Signin Step 1] [Success] OTP sent
[2025-07-15T01:48:01.469Z] [huycan2004@gmail.com] [Verify OTP] [Success] OTP verified successfully
[2025-07-15T01:48:23.931Z] [huycan2004@gmail.com] [Get Key Status] [Success] Key status retrieved
[2025-07-15T01:48:23.990Z] [huycan2004@gmail.com] [Get Key Status] [Success] Key status retrieved
[2025-07-15T01:48:25.467Z] [huycan2004@gmail.com] [Generate QR Code] [Success] QR code generated successfully
[2025-07-15T01:48:29.329Z] [huycan2004@gmail.com] [Generate QR Code] [Success] QR code generated successfully
[2025-07-15T01:48:41.548Z] [huycan2004@gmail.com] [Decode QR Code] [Success] QR code decoded successfully
[2025-07-15T01:51:25.708Z] [huycan2004@gmail.com] [Generate QR Code] [Success] QR code generated successfully
[2025-07-15T01:51:26.357Z] [huycan2004@gmail.com] [Generate QR Code] [Success] QR code generated successfully
[2025-07-15T01:51:32.649Z] [huycan2004@gmail.com] [Decode QR Code] [Success] QR code decoded successfully
[2025-07-15T01:54:53.589Z] [huycan2004@gmail.com] [Generate QR Code] [Success] QR code generated successfully
[2025-07-15T01:54:54.618Z] [huycan2004@gmail.com] [Generate QR Code] [Success] QR code generated successfully
[2025-07-15T01:55:00.414Z] [huycan2004@gmail.com] [Decode QR Code] [Success] QR code decoded successfully
[2025-07-15T01:56:46.463Z] [huycan2004@gmail.com] [Generate QR Code] [Success] QR code generated successfully
[2025-07-15T01:56:46.499Z] [huycan2004@gmail.com] [Generate QR Code] [Success] QR code generated successfully
[2025-07-15T01:56:47.708Z] [huycan2004@gmail.com] [Decode QR Code] [Success] QR code decoded successfully
[2025-07-15T01:57:22.438Z] [huycan2004@gmail.com] [Generate QR Code] [Success] QR code generated successfully
[2025-07-15T01:57:22.658Z] [huycan2004@gmail.com] [Generate QR Code] [Success] QR code generated successfully
[2025-07-15T01:57:29.396Z] [huycan2004@gmail.com] [Decode QR Code] [Success] QR code decoded successfully
[2025-07-15T02:05:01.861Z] [huycan2004@gmail.com] [Generate QR Code] [Success] QR code generated successfully
[2025-07-15T02:05:04.763Z] [huycan2004@gmail.com] [Generate QR Code] [Success] QR code generated successfully
[2025-07-15T02:05:08.968Z] [huycan2004@gmail.com] [Decode QR Code] [Success] QR code decoded successfully
[2025-07-15T02:06:33.129Z] [huycan2004@gmail.com] [Generate QR Code] [Success] QR code generated successfully
[2025-07-15T02:06:34.905Z] [huycan2004@gmail.com] [Generate QR Code] [Success] QR code generated successfully
[2025-07-15T02:06:42.973Z] [huycan2004@gmail.com] [Decode QR Code] [Success] QR code decoded successfully
[2025-07-15T02:06:49.699Z] [huycan2004@gmail.com] [Decode QR Code] [Success] QR code decoded successfully
[2025-07-15T02:07:43.764Z] [huycan2004@gmail.com] [Decode QR Code] [Success] QR code decoded successfully
[2025-07-15T02:07:55.978Z] [huycan2004@gmail.com] [Decode QR Code] [Success] QR code decoded successfully
[2025-07-15T02:08:49.459Z] [huycan2004@gmail.com] [Decode QR Code] [Success] QR code decoded successfully
[2025-07-15T02:14:26.409Z] [huycan2004@gmail.com] [Generate QR Code] [Success] QR code generated successfully
[2025-07-15T02:14:27.185Z] [huycan2004@gmail.com] [Generate QR Code] [Success] QR code generated successfully
[2025-07-15T02:14:36.925Z] [huycan2004@gmail.com] [Decode QR Code] [Success] QR code decoded successfully
[2025-07-15T02:17:31.680Z] [huycan2004@gmail.com] [Decode QR Code] [Success] QR code decoded successfully
[2025-07-15T02:17:32.714Z] [huycan2004@gmail.com] [Decode QR Code] [Success] QR code decoded successfully
[2025-07-15T02:18:33.281Z] [huycan2004@gmail.com] [Generate QR Code] [Success] QR code generated successfully
[2025-07-15T02:18:34.247Z] [huycan2004@gmail.com] [Generate QR Code] [Success] QR code generated successfully
[2025-07-15T02:18:52.931Z] [huycan2004@gmail.com] [Generate QR Code] [Success] QR code generated successfully
[2025-07-15T02:18:53.383Z] [huycan2004@gmail.com] [Generate QR Code] [Success] QR code generated successfully
[2025-07-15T02:19:04.513Z] [huycan2004@gmail.com] [Decode QR Code] [Success] QR code decoded successfully
[2025-07-15T02:21:07.761Z] [huycan2004@gmail.com] [Generate QR Code] [Success] QR code generated successfully
[2025-07-15T02:21:09.435Z] [huycan2004@gmail.com] [Generate QR Code] [Success] QR code generated successfully
[2025-07-15T02:53:09.699Z] [huycan2004@gmail.com] [Signin Step 1] [Failed] Invalid email or password.
[2025-07-15T02:53:15.440Z] [huycan2004@gmail.com] [Signin Step 1] [Failed] Invalid email or password.
[2025-07-15T02:53:19.962Z] [huycan2004@gmail.com] [Signin Step 1] [Failed] Invalid email or password.
[2025-07-15T02:53:21.924Z] [huycan2004@gmail.com] [Signin Step 1] [Failed] Invalid email or password.
[2025-07-15T02:53:23.750Z] [huycan2004@gmail.com] [Signin Step 1] [Failed] Too many failed login attempts. Account locked for 5 minutes.
[2025-07-15T02:53:26.822Z] [huycan2004@gmail.com] [Signin Step 1] [Failed] Account locked for 5 minutes
[2025-07-15T02:58:24.008Z] [huycan2004@gmail.com] [Signin Step 1] [Failed] Too many failed login attempts. Account locked for 5 minutes.
[2025-07-15T02:58:25.832Z] [huycan2004@gmail.com] [Signin Step 1] [Failed] Account locked for 5 minutes
[2025-07-15T02:59:01.039Z] [huycan2004@gmail.com] [Signin Step 1] [Failed] Account locked for 5 minutes
[2025-07-15T03:02:47.314Z] [huycan2004@gmail.com] [Signin Step 1] [Failed] Account locked for 1 minutes
[2025-07-15T03:03:57.792Z] [huycan2004@gmail.com] [Signin Step 1] [Failed] Too many failed login attempts. Account locked for 5 minutes.
[2025-07-15T03:03:59.311Z] [huycan2004@gmail.com] [Signin Step 1] [Failed] Account locked for 5 minutes
[2025-07-15T03:11:08.359Z] [huycan2004@gmail.com] [Signin Step 1] [Failed] Too many failed login attempts. Account locked for 5 minutes.
[2025-07-15T03:11:09.831Z] [huycan2004@gmail.com] [Signin Step 1] [Failed] Account locked for 5 minutes
[2025-07-15T03:20:06.205Z] [huycan2004@gmail.com] [Signin Step 1] [Failed] Too many failed login attempts. Account locked for 5 minutes.
[2025-07-15T03:20:33.066Z] [huycan2004@gmail.com] [Signin Step 1] [Failed] Account locked for 5 minutes
[2025-07-15T03:20:35.008Z] [huycan2004@gmail.com] [Signin Step 1] [Failed] Account locked for 5 minutes
[2025-07-15T03:20:37.322Z] [huycan2004@gmail.com] [Signin Step 1] [Failed] Account locked for 5 minutes
[2025-07-15T03:24:59.169Z] [huycan2004@gmail.com] [Signin Step 1] [Failed] Account locked for 1 minutes
[2025-07-15T03:25:02.334Z] [huycan2004@gmail.com] [Signin Step 1] [Failed] Account locked for 1 minutes
[2025-07-15T03:25:03.673Z] [huycan2004@gmail.com] [Signin Step 1] [Failed] Account locked for 1 minutes
[2025-07-15T03:27:14.669Z] [huycan2004@gmail.com] [Signin Step 1] [Success] OTP sent
[2025-07-15T03:27:39.674Z] [huycan2004@gmail.com] [Verify OTP] [Success] OTP verified successfully
[2025-07-15T03:34:06.416Z] [huycan2004@gmail.com] [Generate QR Code] [Success] QR code generated successfully
[2025-07-15T03:34:06.924Z] [huycan2004@gmail.com] [Generate QR Code] [Success] QR code generated successfully
[2025-07-15T03:34:21.280Z] [huycan2004@gmail.com] [Signin Step 1] [Failed] Invalid email or password.
[2025-07-15T03:34:24.685Z] [huycan2004@gmail.com] [Signin Step 1] [Failed] Invalid email or password.
[2025-07-15T03:34:26.552Z] [huycan2004@gmail.com] [Signin Step 1] [Failed] Invalid email or password.
[2025-07-15T03:34:27.641Z] [huycan2004@gmail.com] [Signin Step 1] [Failed] Invalid email or password.
[2025-07-15T03:34:29.909Z] [huycan2004@gmail.com] [Signin Step 1] [Failed] Too many failed login attempts. Account locked for 5 minutes.
[2025-07-15T03:34:32.079Z] [huycan2004@gmail.com] [Signin Step 1] [Failed] Account locked for 5 minutes
[2025-07-15T03:34:33.999Z] [huycan2004@gmail.com] [Signin Step 1] [Failed] Account locked for 5 minutes
[2025-07-15T03:34:47.371Z] [huycan2004@gmail.com] [Signin Step 1] [Failed] Account locked for 5 minutes
[2025-07-15T03:35:19.782Z] [huycan2004@gmail.com] [Signin Step 1] [Failed] Account locked for 5 minutes
[2025-07-15T03:38:02.683Z] [huycan2004@gmail.com] [Signin Step 1] [Failed] Account locked for 2 minutes
[2025-07-15T03:38:04.803Z] [huycan2004@gmail.com] [Signin Step 1] [Failed] Account locked for 2 minutes
[2025-07-15T03:38:06.571Z] [huycan2004@gmail.com] [Signin Step 1] [Failed] Account locked for 2 minutes
[2025-07-15T03:38:16.692Z] [huycan2004@gmail.com] [Signin Step 1] [Failed] Account locked for 2 minutes
[2025-07-15T03:42:33.439Z] [huycan2004@gmail.com] [Signin Step 1] [Success] OTP sent
[2025-07-15T03:47:52.105Z] [huycan2004@gmail.com] [Signin Step 1] [Failed] Invalid email or password.
[2025-07-15T03:47:55.169Z] [huycan2004@gmail.com] [Signin Step 1] [Failed] Invalid email or password.
[2025-07-15T03:47:57.467Z] [huycan2004@gmail.com] [Signin Step 1] [Failed] Invalid email or password.
[2025-07-15T03:47:58.779Z] [huycan2004@gmail.com] [Signin Step 1] [Failed] Invalid email or password.
[2025-07-15T03:48:00.589Z] [huycan2004@gmail.com] [Signin Step 1] [Failed] Too many failed login attempts. Account locked for 5 minutes.
[2025-07-15T03:48:02.114Z] [huycan2004@gmail.com] [Signin Step 1] [Failed] Account locked for 5 minutes
[2025-07-15T03:48:53.463Z] [huycan2004@gmail.com] [Signin Step 1] [Failed] Account locked for 5 minutes
[2025-07-15T03:49:14.228Z] [huycan1211@gmail.com] [Signin Step 1] [Success] OTP sent
[2025-07-15T03:49:37.185Z] [huycan1211@gmail.com] [Verify OTP] [Failed] Incorrect OTP
[2025-07-15T03:54:07.275Z] [huycan2004@gmail.com] [Signin Step 1] [Failed] Too many failed login attempts. Account locked for 5 minutes.
[2025-07-15T03:57:01.365Z] [huycan2004@gmail.com] [Signin Step 1] [Failed] Account locked for 3 minutes
[2025-07-15T04:01:12.701Z] [huycan2004@gmail.com] [Signin Step 1] [Failed] Too many failed login attempts. Account locked for 5 minutes.
[2025-07-15T04:01:16.344Z] [huycan2004@gmail.com] [Signin Step 1] [Failed] Account locked for 5 minutes
[2025-07-15T04:01:18.262Z] [huycan2004@gmail.com] [Signin Step 1] [Failed] Account locked for 5 minutes
[2025-07-15T04:01:20.727Z] [huycan2004@gmail.com] [Signin Step 1] [Failed] Account locked for 5 minutes
[2025-07-15T04:01:52.727Z] [huycan1211@gmail.com] [Signin Step 1] [Success] OTP sent
[2025-07-15T04:02:13.504Z] [huycan1211@gmail.com] [Verify OTP] [Failed] Incorrect OTP
[2025-07-15T04:02:23.771Z] [huycan1211@gmail.com] [Verify OTP] [Failed] Incorrect OTP
[2025-07-15T04:02:36.130Z] [huycan1211@gmail.com] [Verify OTP] [Success] OTP verified successfully
